{
  "consumer": {
    "name": "Localhost"
  },
  "provider": {
    "name": "JsonPlaceholder"
  },
  "interactions": [
    {
      "description": "get first todo will return delectus aut autem",
      "request": {
        "method": "GET",
        "path": "/todos/1"
      },
      "response": {
        "status": 200,
        "headers": {
          "Content-Type": "application/json; charset=utf-8"
        },
        "body": {
          "userId": 1,
          "id": 1,
          "title": "delectus aut autem",
          "completed": false
        }
      }
    }
  ],
  "metadata": {
    "pactSpecification": {
      "version": "2.0.0"
    }
  }
}